// Vitest Snapshot v1, https://vitest.dev/guide/snapshot.html

exports[`<MyCounter/> > should match snapshot 1`] = `
"<section data-v-2fde1f03="">
  <h3 data-v-2fde1f03="">Counter: 5</h3>
  <h3 data-v-2fde1f03="" data-testid="square-label">Square: 25</h3>
  <div data-v-2fde1f03=""><button data-v-2fde1f03="" class="btn">+1</button><button data-v-2fde1f03="" data-testid="decrement-button" class="btn">-1</button></div>
</section>"
`;
